// Jest Snapshot v1, https://goo.gl/fbAQLP

exports[`Aboutpage Test Render aboutpage 1`] = `
<div>
  <h1
    class="header"
  >
    O Stránke
  </h1>
  <div
    class="MuiPaper-root MuiPaper-elevation MuiPaper-rounded MuiPaper-elevation3 css-3su884-MuiPaper-root"
  >
    <h1
      class="ownerName"
    >
      Správca je ...
    </h1>
    <p
      class="helperText"
    >
      Lorem ipsum dolor sit amet consectetur adipisicing elit. Id sequi et nesciunt sed excepturi quaerat, incidunt a architecto molestiae! Saepe iusto temporibus eaque voluptate officiis facere veniam amet praesentium id.
    </p>
    <div
      class="mt-4 text-center"
    >
      <a
        class="text-xl font-bold"
        href="/rooms"
      >
        Otázky pre adminov
      </a>
    </div>
  </div>
</div>
`;

exports[`Aboutpage Test Render aboutwrapper 1`] = `
<div>
  <h1
    class="header"
  >
    O Stránke
  </h1>
  <div
    class="MuiPaper-root MuiPaper-elevation MuiPaper-rounded MuiPaper-elevation3 css-3su884-MuiPaper-root"
  >
    <h1
      class="ownerName"
    >
      Správca je ...
    </h1>
    <p
      class="helperText"
    >
      Lorem ipsum dolor sit amet consectetur adipisicing elit. Id sequi et nesciunt sed excepturi quaerat, incidunt a architecto molestiae! Saepe iusto temporibus eaque voluptate officiis facere veniam amet praesentium id.
    </p>
    <div
      class="mt-4 text-center"
    >
      <a
        class="text-xl font-bold"
        href="/rooms"
      >
        Otázky pre adminov
      </a>
    </div>
  </div>
</div>
`;
